Stage: agentdojo_eval.exec_with_return
Error: unhashable type: 'list'
Traceback: 
Traceback (most recent call last):
  File "/home/sm1/projects/conformal_viper/AgentDojo/pipeline_run_agentdojo.py", line 295, in main
    exec_result = exec_locals.get("execute_command")()
                  ^^^^^^^^^^^^^^^^^^^^^^^^^^^^^^^^^^^^
  File "travel_user_task_2.prog", line 75, in execute_command
  File "/home/sm1/projects/conformal_viper/epic/conformal_utils.py", line 169, in abstract_for_loop
    return concrete_for_loop(for_body, l, lvars)
           ^^^^^^^^^^^^^^^^^^^^^^^^^^^^^^^^^^^^^
  File "/home/sm1/projects/conformal_viper/epic/conformal_utils.py", line 156, in concrete_for_loop
    lvars = for_body(x, *lvars)
            ^^^^^^^^^^^^^^^^^^^
  File "travel_user_task_2.prog", line 73, in _for
  File "/home/sm1/projects/conformal_viper/epic/conformal_utils.py", line 192, in abstract_if_stmt
    lvars = join_vars(lvars_t, lvars_f)
            ^^^^^^^^^^^^^^^^^^^^^^^^^^^
  File "/home/sm1/projects/conformal_viper/epic/conformal_utils.py", line 151, in join_vars
    ret += (join(a, b),)
            ^^^^^^^^^^
  File "/home/sm1/projects/conformal_viper/epic/conformal_utils.py", line 132, in join
    a_poss = frozenset({a})
                       ^^^
TypeError: unhashable type: 'list'
