Stage: agentdojo_eval.exec_with_return
Error: 
Traceback: 
Traceback (most recent call last):
  File "/home/sm1/projects/conformal_viper/AgentDojo/pipeline_run_agentdojo.py", line 295, in main
    exec_result = exec_locals.get("execute_command")()
                  ^^^^^^^^^^^^^^^^^^^^^^^^^^^^^^^^^^^^
  File "travel_user_task_14.prog", line 69, in execute_command
  File "/home/sm1/projects/conformal_viper/epic/conformal_utils.py", line 169, in abstract_for_loop
    return concrete_for_loop(for_body, l, lvars)
           ^^^^^^^^^^^^^^^^^^^^^^^^^^^^^^^^^^^^^
  File "/home/sm1/projects/conformal_viper/epic/conformal_utils.py", line 156, in concrete_for_loop
    lvars = for_body(x, *lvars)
            ^^^^^^^^^^^^^^^^^^^
  File "travel_user_task_14.prog", line 46, in _for
  File "/home/sm1/projects/conformal_viper/epic/conformal_utils.py", line 182, in abstract_if_stmt
    val = get_abstract_bool_value(b)
          ^^^^^^^^^^^^^^^^^^^^^^^^^^
  File "/home/sm1/projects/conformal_viper/epic/conformal_utils.py", line 110, in get_abstract_bool_value
    assert type(b) is AbstractOther
           ^^^^^^^^^^^^^^^^^^^^^^^^
AssertionError
