Stage: agentdojo_eval.exec_with_return
Error: '<' not supported between instances of 'NoneType' and 'datetime.datetime'
Traceback: 
Traceback (most recent call last):
  File "/home/sm1/projects/conformal_viper/AgentDojo/pipeline_run_agentdojo.py", line 295, in main
    exec_result = exec_locals.get("execute_command")()
                  ^^^^^^^^^^^^^^^^^^^^^^^^^^^^^^^^^^^^
  File "workspace_user_task_22.prog", line 52, in execute_command
  File "/home/sm1/projects/conformal_viper/epic/conformal_utils.py", line 169, in abstract_for_loop
    return concrete_for_loop(for_body, l, lvars)
           ^^^^^^^^^^^^^^^^^^^^^^^^^^^^^^^^^^^^^
  File "/home/sm1/projects/conformal_viper/epic/conformal_utils.py", line 156, in concrete_for_loop
    lvars = for_body(x, *lvars)
            ^^^^^^^^^^^^^^^^^^^
  File "workspace_user_task_22.prog", line 50, in _for
  File "/home/sm1/projects/conformal_viper/epic/conformal_utils.py", line 190, in abstract_if_stmt
    lvars_t = then_body(*lvars)
              ^^^^^^^^^^^^^^^^^
  File "workspace_user_task_22.prog", line 48, in _if
  File "/home/sm1/projects/conformal_viper/epic/conformal_utils.py", line 191, in abstract_if_stmt
    lvars_f = else_body(*lvars) if else_body is not None else lvars
              ^^^^^^^^^^^^^^^^^
  File "workspace_user_task_22.prog", line 46, in _else
  File "/home/sm1/projects/conformal_viper/epic/conformal_utils.py", line 85, in __lt__
    def __lt__(self, other): return do_pairwise(operator.lt, self, other)
                                    ^^^^^^^^^^^^^^^^^^^^^^^^^^^^^^^^^^^^^
  File "/home/sm1/projects/conformal_viper/epic/conformal_utils.py", line 45, in do_pairwise
    return join_many(f(a, b) for a, b in itertools.product(self._possibilities, other._possibilities))
           ^^^^^^^^^^^^^^^^^^^^^^^^^^^^^^^^^^^^^^^^^^^^^^^^^^^^^^^^^^^^^^^^^^^^^^^^^^^^^^^^^^^^^^^^^^^
  File "/home/sm1/projects/conformal_viper/epic/conformal_utils.py", line 143, in join_many
    for x in xs:
             ^^
  File "/home/sm1/projects/conformal_viper/epic/conformal_utils.py", line 45, in <genexpr>
    return join_many(f(a, b) for a, b in itertools.product(self._possibilities, other._possibilities))
                     ^^^^^^^
TypeError: '<' not supported between instances of 'NoneType' and 'datetime.datetime'
