Stage: agentdojo_eval.exec_with_return
Error: 'NoneType' object has no attribute 'size'
Traceback: 
Traceback (most recent call last):
  File "/home/sm1/projects/conformal_viper/AgentDojo/pipeline_run_agentdojo.py", line 295, in main
    exec_result = exec_locals.get("execute_command")()
                  ^^^^^^^^^^^^^^^^^^^^^^^^^^^^^^^^^^^^
  File "workspace_user_task_35.prog", line 23, in execute_command
  File "/home/sm1/projects/conformal_viper/epic/conformal_utils.py", line 185, in abstract_if_stmt
    lvars = then_body(*lvars)
            ^^^^^^^^^^^^^^^^^
  File "workspace_user_task_35.prog", line 19, in _if
  File "/home/sm1/projects/conformal_viper/epic/conformal_utils.py", line 169, in abstract_for_loop
    return concrete_for_loop(for_body, l, lvars)
           ^^^^^^^^^^^^^^^^^^^^^^^^^^^^^^^^^^^^^
  File "/home/sm1/projects/conformal_viper/epic/conformal_utils.py", line 156, in concrete_for_loop
    lvars = for_body(x, *lvars)
            ^^^^^^^^^^^^^^^^^^^
  File "workspace_user_task_35.prog", line 17, in _for
AttributeError: 'NoneType' object has no attribute 'size'
